ч родился в Любляне, Словения.
о был выбран под третьим номером на драфте НБА 2020 года командой «Шарлотт Хорнетс».