в Любляне, Словения.
выбран под третьим номером на драфте