Дончич родился в Любляне, Словения.
Ламело был выбран под третьим номером на