Любляне, Словения.
под третьим номером на драфте НБА 2020 года командой «Шарлотт Хорнетс».